main.c:150:6:HAL_UARTEx_RxEventCallback	16	static
main.c:175:6:HAL_UART_TxCpltCallback	16	static
main.c:193:5:main	88	static
main.c:305:6:SystemClock_Config	88	static
main.c:345:13:MX_USART2_UART_Init	8	static
main.c:378:13:MX_USART6_UART_Init	8	static
main.c:409:13:MX_DMA_Init	16	static
main.c:431:13:MX_GPIO_Init	16	static
main.c:450:6:StartDefaultTask	16	static
main.c:468:6:StartSendGsmTask	56	static
main.c:495:6:StartParseGsmTask	16	static
main.c:513:6:StartGsmCtrlTask	16	static
main.c:532:6:HAL_TIM_PeriodElapsedCallback	16	static
main.c:549:6:Error_Handler	4	static,ignoring_inline_asm
